#
# A fatal error has been detected by the Java Runtime Environment:
#
#  EXCEPTION_ACCESS_VIOLATION (0xc0000005) at pc=0x00007ffde5bc26c4, pid=23472, tid=24000
#
# JRE version: OpenJDK Runtime Environment (24.0+36) (build 24+36-3646)
# Java VM: OpenJDK 64-Bit Server VM (24+36-3646, mixed mode, sharing, tiered, compressed oops, compressed class ptrs, g1 gc, windows-amd64)
# Problematic frame:
# C  [libasyncProfiler.dll+0x926c4]
#
# No core dump will be written. Minidumps are not enabled by default on client versions of Windows
#
# If you would like to submit a bug report, please visit:
#   https://bugreport.java.com/bugreport/crash.jsp
# The crash happened outside the Java Virtual Machine in native code.
# See problematic frame for where to report the bug.
#

---------------  S U M M A R Y ------------

Command Line: -agentlib:jdwp=transport=dt_socket,address=127.0.0.1:60190,suspend=y,server=n -javaagent:C:\Users\DELL\AppData\Local\JetBrains\IntelliJIdea2025.1\captureAgent\debugger-agent.jar=file:///C:/Users/DELL/AppData/Local/Temp/capture11816136718365844345.props -ea -agentpath:C:\Users\DELL\AppData\Local\Temp\idea_libasyncProfiler_dll_temp_folder11\libasyncProfiler.dll=version,jfr,event=wall,interval=10ms,cstack=no,file=C:\Users\DELL\IdeaSnapshots\ProblemTest_testThatProblemIdsAreAssignedCorrectly_2025_04_27_192255.jfr,dbghelppath=C:\Users\DELL\AppData\Local\Temp\idea_dbghelp_dll_temp_folder2\dbghelp.dll,log=C:\Users\DELL\AppData\Local\Temp\ProblemTest_testThatProblemIdsAreAssignedCorrectly_2025_04_27_192255.jfr.log.txt,logLevel=DEBUG -Didea.test.cyclic.buffer.size=1048576 -Dkotlinx.coroutines.debug.enable.creation.stack.trace=false -Ddebugger.agent.enable.coroutines=true -Dkotlinx.coroutines.debug.enable.flows.stack.trace=true -Dkotlinx.coroutines.debug.enable.mutable.state.flows.stack.trace=true -Dfile.encoding=UTF-8 -Dsun.stdout.encoding=UTF-8 -Dsun.stderr.encoding=UTF-8 com.intellij.rt.junit.JUnitStarter -ideVersion5 -junit5 ProblemTest,testThatProblemIdsAreAssignedCorrectly

Host: Intel(R) Core(TM) i5-6300U CPU @ 2.40GHz, 4 cores, 7G,  Windows 11 , 64 bit Build 22621 (10.0.22621.3958)
Time: Sun Apr 27 19:23:46 2025 W. Central Africa Standard Time elapsed time: 50.804528 seconds (0d 0h 0m 50s)

---------------  T H R E A D  ---------------

Current thread (0x000002421c358210):  JavaThread "Attach Listener" daemon [_thread_in_native, id=24000, stack(0x000000de0d700000,0x000000de0d800000) (1024K)]

Stack: [0x000000de0d700000,0x000000de0d800000],  sp=0x000000de0d7feee0,  free space=1019k
Native frames: (J=compiled Java code, j=interpreted, Vv=VM code, C=native code)
C  [libasyncProfiler.dll+0x926c4]  (no source info available)
C  [libasyncProfiler.dll+0x92b9b]  (no source info available)
C  [libasyncProfiler.dll+0x917f4]  (no source info available)
C  [libasyncProfiler.dll+0x9206a]  (no source info available)
C  [libasyncProfiler.dll+0x8cc21]  (no source info available)
C  [libasyncProfiler.dll+0x7e5e1]  (no source info available)
C  [libasyncProfiler.dll+0x7d2f8]  (no source info available)
C  [libasyncProfiler.dll+0x7d1e0]  (no source info available)
C  [libasyncProfiler.dll+0x841b9]  (no source info available)
V  [jvm.dll+0x57f1b7]  (no source info available)
V  [jvm.dll+0x57ff2c]  (no source info available)
V  [jvm.dll+0x14c9b7]  (no source info available)
V  [jvm.dll+0x14df81]  (no source info available)
V  [jvm.dll+0x42f566]  (no source info available)
V  [jvm.dll+0x87d8fb]  (no source info available)
V  [jvm.dll+0x72efe5]  (no source info available)
C  [ucrtbase.dll+0x29333]  (no source info available)
C  [KERNEL32.DLL+0x1257d]  (no source info available)
C  [ntdll.dll+0x5af08]  (no source info available)


siginfo: EXCEPTION_ACCESS_VIOLATION (0xc0000005), reading address 0xffffffffffffffff


Registers:
RAX=0x0000000000000010, RBX=0x0000000000000000, RCX=0xffffffffffffffff, RDX=0x007ffdd2aa2ff010
RSP=0x000000de0d7feee0, RBP=0x0000024239766fc0, RSI=0x000000de0d7ff050, RDI=0x0000024239766fc0
R8 =0x0000000000000042, R9 =0x000000008a101ee8, R10=0x00007ffdd2d19fc0, R11=0x0000000000000010
R12=0x000000de0d7ff050, R13=0x000002421a3db350, R14=0x000002421c3585d8, R15=0x000002421c3585d8
RIP=0x00007ffde5bc26c4, EFLAGS=0x0000000000010202

XMM[0]=0x0000000000000000 0x0000000000000000
XMM[1]=0x0000000000000000 0x0000000000000000
XMM[2]=0x0000000000000000 0x0000000000000000
XMM[3]=0x0000000000000000 0x0000000000000000
XMM[4]=0x0000000000000000 0x0000000000000000
XMM[5]=0x0000000000000000 0x0000000000000000
XMM[6]=0x0000000000000000 0x0000000000000000
XMM[7]=0x0000000000000000 0x0000000000000000
XMM[8]=0x0000000000000000 0x0000000000000000
XMM[9]=0x0000000000000000 0x0000000000000000
XMM[10]=0x0000000000000000 0x0000000000000000
XMM[11]=0x0000000000000000 0x0000000000000000
XMM[12]=0x0000000000000000 0x0000000000000000
XMM[13]=0x0000000000000000 0x0000000000000000
XMM[14]=0x0000000000000000 0x0000000000000000
XMM[15]=0x0000000000000000 0x0000000000000000
  MXCSR=0x00001fa0


Register to memory mapping:

RAX=0x0000000000000010 is an unknown value
RBX=0x0 is null
RCX=0xffffffffffffffff is an unknown value
RDX=0x007ffdd2aa2ff010 is an unknown value
RSP=0x000000de0d7feee0 is pointing into the stack for thread: 0x000002421c358210
RBP=0x0000024239766fc0 points into unknown readable memory: 0x000000008a101ee8 | e8 1e 10 8a 00 00 00 00
RSI=0x000000de0d7ff050 is pointing into the stack for thread: 0x000002421c358210
RDI=0x0000024239766fc0 points into unknown readable memory: 0x000000008a101ee8 | e8 1e 10 8a 00 00 00 00
R8 =0x0000000000000042 is an unknown value
R9 =0x000000008a101ee8 is an oop: java.lang.Thread 
{0x000000008a101ee8} - klass: 'java/lang/Thread' - flags: 

 - ---- fields (total size 14 words):
 - 'threadLocalRandomProbe' 'I' @12  0 (0x00000000)
 - private volatile 'eetop' 'J' @16  2482967176400 (0x000002421c6064d0)
 - private final 'tid' 'J' @24  3 (0x0000000000000003)
 - 'threadLocalRandomSeed' 'J' @32  0 (0x0000000000000000)
 - injected 'jvmti_thread_state' 'J' @40  2483456002352 (0x0000024239834930)
 - 'threadLocalRandomSecondarySeed' 'I' @48  0 (0x00000000)
 - injected 'jvmti_VTMS_transition_disable_count' 'I' @52  0 (0x00000000)
 - injected 'jfr_epoch' 'S' @56  0 (0x0000)
 - volatile 'interrupted' 'Z' @58  false (0x00)
 - injected 'jvmti_is_in_VTMS_transition' 'Z' @59  false (0x00)
 - private volatile 'name' 'Ljava/lang/String;' @60  "main"{0x000000008a101f58} (0x8a101f58)
 - private volatile 'contextClassLoader' 'Ljava/lang/ClassLoader;' @64  a 'jdk/internal/loader/ClassLoaders$AppClassLoader'{0x000000008a11ca30} (0x8a11ca30)
 - private final 'holder' 'Ljava/lang/Thread$FieldHolder;' @68  a 'java/lang/Thread$FieldHolder'{0x000000008a101f98} (0x8a101f98)
 - 'threadLocals' 'Ljava/lang/ThreadLocal$ThreadLocalMap;' @72  a 'java/lang/ThreadLocal$ThreadLocalMap'{0x0000000089dd9170} (0x89dd9170)
 - 'inheritableThreadLocals' 'Ljava/lang/ThreadLocal$ThreadLocalMap;' @76  null (0x00000000)
 - private 'scopedValueBindings' 'Ljava/lang/Object;' @80  a 'java/lang/Class'{0x00000000ffe7c280} = 'java/lang/Thread' (0xffe7c280)
 - final 'interruptLock' 'Ljava/lang/Object;' @84  a 'java/lang/Object'{0x000000008a101f88} (0x8a101f88)
 - private volatile 'parkBlocker' 'Ljava/lang/Object;' @88  null (0x00000000)
 - private 'nioBlocker' 'Lsun/nio/ch/Interruptible;' @92  null (0x00000000)
 - private 'cont' 'Ljdk/internal/vm/Continuation;' @96  null (0x00000000)
 - private volatile 'uncaughtExceptionHandler' 'Ljava/lang/Thread$UncaughtExceptionHandler;' @100  null (0x00000000)
 - private 'container' 'Ljdk/internal/vm/ThreadContainer;' @104  null (0x00000000)
 - private volatile 'headStackableScopes' 'Ljdk/internal/vm/StackableScope;' @108  null (0x00000000)
R10=0x00007ffdd2d19fc0 jvm.dll
R11=0x0000000000000010 is an unknown value
R12=0x000000de0d7ff050 is pointing into the stack for thread: 0x000002421c358210
R13=0x000002421a3db350 points into unknown readable memory: 0x00007ffdd2c8a510 | 10 a5 c8 d2 fd 7f 00 00
R14=0x000002421c3585d8 points into unknown readable memory: 0x00007ffdd2c817b0 | b0 17 c8 d2 fd 7f 00 00
R15=0x000002421c3585d8 points into unknown readable memory: 0x00007ffdd2c817b0 | b0 17 c8 d2 fd 7f 00 00

Top of Stack: (sp=0x000000de0d7feee0)
0x000000de0d7feee0:   000000de0d7ff050 0000024239766fc0   P........ov9B...
0x000000de0d7feef0:   0000000000000000 000002421c2c43c0   .........C,.B...
0x000000de0d7fef00:   000000000000001a 00007ffde5bc2b9b   .........+......
0x000000de0d7fef10:   0000000000000000 000002421c3585d8   ..........5.B...
0x000000de0d7fef20:   000000de0d7ff001 0000000000000000   ................
0x000000de0d7fef30:   00000242003c4aa0 00007ffde5bc17f4   .J<.B...........
0x000000de0d7fef40:   0000000000000000 000000000000001a   ................
0x000000de0d7fef50:   0000000000000000 000000000000001a   ................
0x000000de0d7fef60:   0000000b00000002 0000024200436a90   .........jC.B...
0x000000de0d7fef70:   00000242003c4aa0 00000242003c4b08   .J<.B....K<.B...
0x000000de0d7fef80:   00000242003c4b10 00000000000021f0   .K<.B....!......
0x000000de0d7fef90:   0000000000000000 0000000000000000   ................
0x000000de0d7fefa0:   0000000000000000 00007ffdd24e58e4   .........XN.....
0x000000de0d7fefb0:   00007ffde5d04ca0 0000000000005bb0   .L.......[......
0x000000de0d7fefc0:   00007ffde5d04ca0 00000000ffffffff   .L..............
0x000000de0d7fefd0:   0000000000000000 00007ffde5bc206a   ........j ......
0x000000de0d7fefe0:   000002421c3585d8 0000000000000000   ..5.B...........
0x000000de0d7feff0:   000000de0d7ff059 000002421a3db350   Y.......P.=.B...
0x000000de0d7ff000:   0000024200327870 0000000000000000   px2.B...........
0x000000de0d7ff010:   0000000000000000 0000024200146e40   ........@n..B...
0x000000de0d7ff020:   000002421c3585d8 00007ffde5d04ca0   ..5.B....L......
0x000000de0d7ff030:   0000000000100000 0000000000001000   ................
0x000000de0d7ff040:   000000de0d7ff1e8 000002421c3585d8   ..........5.B...
0x000000de0d7ff050:   00000242003f1330 00000242003f1670   0.?.B...p.?.B...
0x000000de0d7ff060:   00000242003f1670 00007ffde5d04ca0   p.?.B....L......
0x000000de0d7ff070:   00000242003296c0 000002421a2e0000   ..2.B.......B...
0x000000de0d7ff080:   000000de0d7ff320 0000000000008840    .......@.......
0x000000de0d7ff090:   000000de0d7ff500 00007ffde5d04cf0   .........L......
0x000000de0d7ff0a0:   0000000000989680 0000000000989680   ................
0x000000de0d7ff0b0:   000000de0d7ff1c0 00007ffde5bbcc21   ........!.......
0x000000de0d7ff0c0:   00007ffde5d04ca0 00007ffde5d04cf8   .L.......L......
0x000000de0d7ff0d0:   00007ffd00000000 00007ffd00000001   ................

Instructions: (pc=0x00007ffde5bc26c4)
  0x00007ffde5bc25c4:   cc cc cc cc cc cc cc cc cc cc cc cc cc cc cc cc
  0x00007ffde5bc25d4:   cc cc cc cc cc cc cc cc cc cc cc cc cc cc cc cc
  0x00007ffde5bc25e4:   cc cc cc cc cc cc cc cc cc cc cc cc cc cc cc cc
  0x00007ffde5bc25f4:   cc cc cc cc cc cc cc cc cc cc cc cc cc cc cc cc
  0x00007ffde5bc2604:   cc cc cc cc cc cc cc cc cc cc cc cc cc cc cc cc
  0x00007ffde5bc2614:   cc cc cc cc cc cc cc cc cc cc cc cc cc cc cc cc
  0x00007ffde5bc2624:   cc cc cc cc cc cc cc cc cc cc cc cc cc cc cc cc
  0x00007ffde5bc2634:   cc cc cc cc cc cc cc cc cc cc cc cc cc cc cc cc
  0x00007ffde5bc2644:   cc cc cc cc cc cc cc cc cc cc cc cc 40 57 48 83
  0x00007ffde5bc2654:   ec 20 48 8b f9 48 8b 0d 10 28 14 00 48 85 c9 74
  0x00007ffde5bc2664:   20 48 8b 01 48 8d 54 24 38 41 b8 06 00 01 00 4c
  0x00007ffde5bc2674:   8b 48 30 41 ff d1 85 c0 75 07 48 8b 4c 24 38 eb
  0x00007ffde5bc2684:   02 33 c9 4c 8b 05 ea 28 14 00 48 89 5c 24 30 4d
  0x00007ffde5bc2694:   85 c0 74 4a 48 8b 01 48 8b d7 4c 8b 88 28 03 00
  0x00007ffde5bc26a4:   00 41 ff d1 48 85 c0 74 35 48 63 0d f8 e6 13 00
  0x00007ffde5bc26b4:   48 8b 14 01 48 85 d2 74 15 48 63 05 fc e6 13 00
=>0x00007ffde5bc26c4:   8b 04 10 48 8b 5c 24 30 48 83 c4 20 5f c3 b8 ff
  0x00007ffde5bc26d4:   ff ff ff 48 8b 5c 24 30 48 83 c4 20 5f c3 80 3d
  0x00007ffde5bc26e4:   9b 27 14 00 00 bb ff ff ff ff 74 20 4c 8b 0d 31
  0x00007ffde5bc26f4:   24 14 00 4c 8d 44 24 38 48 8b 0d 15 24 14 00 48
  0x00007ffde5bc2704:   8b d7 41 ff d1 85 c0 0f 44 5c 24 38 8b c3 48 8b
  0x00007ffde5bc2714:   5c 24 30 48 83 c4 20 5f c3 cc cc cc cc cc cc cc
  0x00007ffde5bc2724:   cc cc cc cc cc cc cc cc cc cc cc cc cc cc cc cc
  0x00007ffde5bc2734:   cc cc cc cc cc cc cc cc cc cc cc cc cc cc cc cc
  0x00007ffde5bc2744:   cc cc cc cc cc cc cc cc cc cc cc cc 48 89 54 24
  0x00007ffde5bc2754:   10 53 55 56 57 41 56 41 57 48 83 ec 28 48 8b f2
  0x00007ffde5bc2764:   4c 8b f1 48 89 4c 24 78 45 33 ff 44 89 7c 24 68
  0x00007ffde5bc2774:   c7 44 24 60 01 00 00 00 48 8d 4c 24 68 e8 ed 42
  0x00007ffde5bc2784:   f7 ff 8b d8 48 8d 4c 24 60 e8 e1 42 f7 ff 8b e8
  0x00007ffde5bc2794:   49 8b ce e8 00 fc f6 ff 48 8b f8 90 8b c3 f0 0f
  0x00007ffde5bc27a4:   b1 2f 74 04 f3 90 eb f4 4c 89 3e 4c 89 7e 08 4c
  0x00007ffde5bc27b4:   89 7e 10 49 8b 6e 08 4d 8b 76 10 49 3b ee 0f 84


Stack slot to memory mapping:

stack at sp + 0 slots: 0x000000de0d7ff050 is pointing into the stack for thread: 0x000002421c358210
stack at sp + 1 slots: 0x0000024239766fc0 points into unknown readable memory: 0x000000008a101ee8 | e8 1e 10 8a 00 00 00 00
stack at sp + 2 slots: 0x0 is null
stack at sp + 3 slots: 0x000002421c2c43c0 points into unknown readable memory: 0x6e616c2e6176616a | 6a 61 76 61 2e 6c 61 6e
stack at sp + 4 slots: 0x000000000000001a is an unknown value
stack at sp + 5 slots: 0x00007ffde5bc2b9b libasyncProfiler.dll
stack at sp + 6 slots: 0x0 is null
stack at sp + 7 slots: 0x000002421c3585d8 points into unknown readable memory: 0x00007ffdd2c817b0 | b0 17 c8 d2 fd 7f 00 00

Lock stack of current Java thread (top to bottom):


---------------  P R O C E S S  ---------------

Threads class SMR info:
_java_thread_list=0x000002427f0eb9a0, length=15, elements={
0x000002421c6064d0, 0x000002421c34c8d0, 0x000002421c34d330, 0x000002421c34e630,
0x000002421c358210, 0x000002421c355d80, 0x000002421c3564d0, 0x0000024239751660,
0x0000024239767b70, 0x000002421c354ee0, 0x0000024239990540, 0x0000024239990c90,
0x000002423997ea00, 0x000002421c356c20, 0x000002421c357370
}

Java Threads: ( => current thread )
  0x000002421c6064d0 JavaThread "main"                              [_thread_blocked, id=4348, stack(0x000000de0cc00000,0x000000de0cd00000) (1024K)]
  0x000002421c34c8d0 JavaThread "Reference Handler"          daemon [_thread_blocked, id=5340, stack(0x000000de0d400000,0x000000de0d500000) (1024K)]
  0x000002421c34d330 JavaThread "Finalizer"                  daemon [_thread_blocked, id=13660, stack(0x000000de0d500000,0x000000de0d600000) (1024K)]
  0x000002421c34e630 JavaThread "Signal Dispatcher"          daemon [_thread_blocked, id=18520, stack(0x000000de0d600000,0x000000de0d700000) (1024K)]
=>0x000002421c358210 JavaThread "Attach Listener"            daemon [_thread_in_native, id=24000, stack(0x000000de0d700000,0x000000de0d800000) (1024K)]
  0x000002421c355d80 JavaThread "Service Thread"             daemon [_thread_blocked, id=5636, stack(0x000000de0d800000,0x000000de0d900000) (1024K)]
  0x000002421c3564d0 JavaThread "Monitor Deflation Thread"   daemon [_thread_blocked, id=3076, stack(0x000000de0d900000,0x000000de0da00000) (1024K)]
  0x0000024239751660 JavaThread "C2 CompilerThread0"         daemon [_thread_blocked, id=22844, stack(0x000000de0da00000,0x000000de0db00000) (1024K)]
  0x0000024239767b70 JavaThread "C1 CompilerThread0"         daemon [_thread_blocked, id=21204, stack(0x000000de0db00000,0x000000de0dc00000) (1024K)]
  0x000002421c354ee0 JavaThread "Common-Cleaner"             daemon [_thread_blocked, id=23100, stack(0x000000de0dc00000,0x000000de0dd00000) (1024K)]
  0x0000024239990540 JavaThread "JDWP Transport Listener: dt_socket" daemon [_thread_blocked, id=19304, stack(0x000000de0dd00000,0x000000de0de00000) (1024K)]
  0x0000024239990c90 JavaThread "JDWP Event Helper Thread"   daemon [_thread_blocked, id=14324, stack(0x000000de0de00000,0x000000de0df00000) (1024K)]
  0x000002423997ea00 JavaThread "JDWP Command Reader"        daemon [_thread_in_native, id=22936, stack(0x000000de0df00000,0x000000de0e000000) (1024K)]
  0x000002421c356c20 JavaThread "IntelliJ Suspend Helper"    daemon [_thread_blocked, id=5192, stack(0x000000de0e000000,0x000000de0e100000) (1024K)]
  0x000002421c357370 JavaThread "Notification Thread"        daemon [_thread_blocked, id=8688, stack(0x000000de0e100000,0x000000de0e200000) (1024K)]
Total: 15

Other Threads:
  0x000002421c33a330 VMThread "VM Thread"                           [id=11868, stack(0x000000de0d300000,0x000000de0d400000) (1024K)]
  0x000002423974cb30 WatcherThread "VM Periodic Task Thread"        [id=23608, stack(0x000000de0d200000,0x000000de0d300000) (1024K)]
  0x000002421c222560 WorkerThread "GC Thread#0"                     [id=22880, stack(0x000000de0cd00000,0x000000de0ce00000) (1024K)]
  0x000002421c237450 ConcurrentGCThread "G1 Main Marker"            [id=4748, stack(0x000000de0ce00000,0x000000de0cf00000) (1024K)]
  0x000002421c239710 WorkerThread "G1 Conc#0"                       [id=7736, stack(0x000000de0cf00000,0x000000de0d000000) (1024K)]
  0x000002421c2c3740 ConcurrentGCThread "G1 Refine#0"               [id=18544, stack(0x000000de0d000000,0x000000de0d100000) (1024K)]
  0x000002421c2c6e00 ConcurrentGCThread "G1 Service"                [id=17796, stack(0x000000de0d100000,0x000000de0d200000) (1024K)]
Total: 7

Threads with active compile tasks:
Total: 0

VM state: not at safepoint (normal execution)

VM Mutex/Monitor currently owned by a thread: None

Heap address: 0x0000000082400000, size: 2012 MB, Compressed Oops mode: 32-bit

CDS archive(s) mapped at: [0x000002423a000000-0x000002423ad40000-0x000002423ad40000), size 13893632, SharedBaseAddress: 0x000002423a000000, ArchiveRelocationMode: 1.
Compressed class space mapped at: 0x000002423b000000-0x000002427b000000, reserved size: 1073741824
UseCompressedClassPointers 1, UseCompactObjectHeaders 0
Narrow klass pointer bits 32, Max shift 3
Narrow klass base: 0x000002423a000000, Narrow klass shift: 0
Encoding Range: [0x000002423a000000 - 0x000002433a000000), (4294967296 bytes)
Klass Range:    [0x000002423a000000 - 0x000002427b000000), (1090519040 bytes)
Klass ID Range:  [8 - 1090519033) (1090519025)

GC Precious Log:
 CardTable entry size: 512
 Card Set container configuration: InlinePtr #cards 5 size 8 Array Of Cards #cards 10 size 36 Howl #buckets 4 coarsen threshold 1843 Howl Bitmap #cards 512 size 80 coarsen threshold 460 Card regions per heap region 1 cards per card region 2048
 CPUs: 4 total, 4 available
 Memory: 8046M
 Large Page Support: Disabled
 NUMA Support: Disabled
 Compressed Oops: Enabled (32-bit)
 Heap Region Size: 1M
 Heap Min Capacity: 8M
 Heap Initial Capacity: 126M
 Heap Max Capacity: 2012M
 Pre-touch: Disabled
 Parallel Workers: 4
 Concurrent Workers: 1
 Concurrent Refinement Workers: 4
 Periodic GC: Disabled

Heap:
 garbage-first heap   total reserved 2060288K, committed 131072K, used 25712K [0x0000000082400000, 0x0000000100000000)
  region size 1024K, 25 young (25600K), 0 survivors (0K)
 Metaspace       used 6781K, committed 6976K, reserved 1114112K
  class space    used 688K, committed 768K, reserved 1048576K

Heap Regions: E=young(eden), S=young(survivor), O=old, HS=humongous(starts), HC=humongous(continues), CS=collection set, F=free, TAMS=top-at-mark-start, PB=parsable bottom
|   0|0x0000000082400000, 0x0000000082400000, 0x0000000082500000|  0%| F|  |TAMS 0x0000000082400000| PB 0x0000000082400000| Untracked |  0
|   1|0x0000000082500000, 0x0000000082500000, 0x0000000082600000|  0%| F|  |TAMS 0x0000000082500000| PB 0x0000000082500000| Untracked |  0
|   2|0x0000000082600000, 0x0000000082600000, 0x0000000082700000|  0%| F|  |TAMS 0x0000000082600000| PB 0x0000000082600000| Untracked |  0
|   3|0x0000000082700000, 0x0000000082700000, 0x0000000082800000|  0%| F|  |TAMS 0x0000000082700000| PB 0x0000000082700000| Untracked |  0
|   4|0x0000000082800000, 0x0000000082800000, 0x0000000082900000|  0%| F|  |TAMS 0x0000000082800000| PB 0x0000000082800000| Untracked |  0
|   5|0x0000000082900000, 0x0000000082900000, 0x0000000082a00000|  0%| F|  |TAMS 0x0000000082900000| PB 0x0000000082900000| Untracked |  0
|   6|0x0000000082a00000, 0x0000000082a00000, 0x0000000082b00000|  0%| F|  |TAMS 0x0000000082a00000| PB 0x0000000082a00000| Untracked |  0
|   7|0x0000000082b00000, 0x0000000082b00000, 0x0000000082c00000|  0%| F|  |TAMS 0x0000000082b00000| PB 0x0000000082b00000| Untracked |  0
|   8|0x0000000082c00000, 0x0000000082c00000, 0x0000000082d00000|  0%| F|  |TAMS 0x0000000082c00000| PB 0x0000000082c00000| Untracked |  0
|   9|0x0000000082d00000, 0x0000000082d00000, 0x0000000082e00000|  0%| F|  |TAMS 0x0000000082d00000| PB 0x0000000082d00000| Untracked |  0
|  10|0x0000000082e00000, 0x0000000082e00000, 0x0000000082f00000|  0%| F|  |TAMS 0x0000000082e00000| PB 0x0000000082e00000| Untracked |  0
|  11|0x0000000082f00000, 0x0000000082f00000, 0x0000000083000000|  0%| F|  |TAMS 0x0000000082f00000| PB 0x0000000082f00000| Untracked |  0
|  12|0x0000000083000000, 0x0000000083000000, 0x0000000083100000|  0%| F|  |TAMS 0x0000000083000000| PB 0x0000000083000000| Untracked |  0
|  13|0x0000000083100000, 0x0000000083100000, 0x0000000083200000|  0%| F|  |TAMS 0x0000000083100000| PB 0x0000000083100000| Untracked |  0
|  14|0x0000000083200000, 0x0000000083200000, 0x0000000083300000|  0%| F|  |TAMS 0x0000000083200000| PB 0x0000000083200000| Untracked |  0
|  15|0x0000000083300000, 0x0000000083300000, 0x0000000083400000|  0%| F|  |TAMS 0x0000000083300000| PB 0x0000000083300000| Untracked |  0
|  16|0x0000000083400000, 0x0000000083400000, 0x0000000083500000|  0%| F|  |TAMS 0x0000000083400000| PB 0x0000000083400000| Untracked |  0
|  17|0x0000000083500000, 0x0000000083500000, 0x0000000083600000|  0%| F|  |TAMS 0x0000000083500000| PB 0x0000000083500000| Untracked |  0
|  18|0x0000000083600000, 0x0000000083600000, 0x0000000083700000|  0%| F|  |TAMS 0x0000000083600000| PB 0x0000000083600000| Untracked |  0
|  19|0x0000000083700000, 0x0000000083700000, 0x0000000083800000|  0%| F|  |TAMS 0x0000000083700000| PB 0x0000000083700000| Untracked |  0
|  20|0x0000000083800000, 0x0000000083800000, 0x0000000083900000|  0%| F|  |TAMS 0x0000000083800000| PB 0x0000000083800000| Untracked |  0
|  21|0x0000000083900000, 0x0000000083900000, 0x0000000083a00000|  0%| F|  |TAMS 0x0000000083900000| PB 0x0000000083900000| Untracked |  0
|  22|0x0000000083a00000, 0x0000000083a00000, 0x0000000083b00000|  0%| F|  |TAMS 0x0000000083a00000| PB 0x0000000083a00000| Untracked |  0
|  23|0x0000000083b00000, 0x0000000083b00000, 0x0000000083c00000|  0%| F|  |TAMS 0x0000000083b00000| PB 0x0000000083b00000| Untracked |  0
|  24|0x0000000083c00000, 0x0000000083c00000, 0x0000000083d00000|  0%| F|  |TAMS 0x0000000083c00000| PB 0x0000000083c00000| Untracked |  0
|  25|0x0000000083d00000, 0x0000000083d00000, 0x0000000083e00000|  0%| F|  |TAMS 0x0000000083d00000| PB 0x0000000083d00000| Untracked |  0
|  26|0x0000000083e00000, 0x0000000083e00000, 0x0000000083f00000|  0%| F|  |TAMS 0x0000000083e00000| PB 0x0000000083e00000| Untracked |  0
|  27|0x0000000083f00000, 0x0000000083f00000, 0x0000000084000000|  0%| F|  |TAMS 0x0000000083f00000| PB 0x0000000083f00000| Untracked |  0
|  28|0x0000000084000000, 0x0000000084000000, 0x0000000084100000|  0%| F|  |TAMS 0x0000000084000000| PB 0x0000000084000000| Untracked |  0
|  29|0x0000000084100000, 0x0000000084100000, 0x0000000084200000|  0%| F|  |TAMS 0x0000000084100000| PB 0x0000000084100000| Untracked |  0
|  30|0x0000000084200000, 0x0000000084200000, 0x0000000084300000|  0%| F|  |TAMS 0x0000000084200000| PB 0x0000000084200000| Untracked |  0
|  31|0x0000000084300000, 0x0000000084300000, 0x0000000084400000|  0%| F|  |TAMS 0x0000000084300000| PB 0x0000000084300000| Untracked |  0
|  32|0x0000000084400000, 0x0000000084400000, 0x0000000084500000|  0%| F|  |TAMS 0x0000000084400000| PB 0x0000000084400000| Untracked |  0
|  33|0x0000000084500000, 0x0000000084500000, 0x0000000084600000|  0%| F|  |TAMS 0x0000000084500000| PB 0x0000000084500000| Untracked |  0
|  34|0x0000000084600000, 0x0000000084600000, 0x0000000084700000|  0%| F|  |TAMS 0x0000000084600000| PB 0x0000000084600000| Untracked |  0
|  35|0x0000000084700000, 0x0000000084700000, 0x0000000084800000|  0%| F|  |TAMS 0x0000000084700000| PB 0x0000000084700000| Untracked |  0
|  36|0x0000000084800000, 0x0000000084800000, 0x0000000084900000|  0%| F|  |TAMS 0x0000000084800000| PB 0x0000000084800000| Untracked |  0
|  37|0x0000000084900000, 0x0000000084900000, 0x0000000084a00000|  0%| F|  |TAMS 0x0000000084900000| PB 0x0000000084900000| Untracked |  0
|  38|0x0000000084a00000, 0x0000000084a00000, 0x0000000084b00000|  0%| F|  |TAMS 0x0000000084a00000| PB 0x0000000084a00000| Untracked |  0
|  39|0x0000000084b00000, 0x0000000084b00000, 0x0000000084c00000|  0%| F|  |TAMS 0x0000000084b00000| PB 0x0000000084b00000| Untracked |  0
|  40|0x0000000084c00000, 0x0000000084c00000, 0x0000000084d00000|  0%| F|  |TAMS 0x0000000084c00000| PB 0x0000000084c00000| Untracked |  0
|  41|0x0000000084d00000, 0x0000000084d00000, 0x0000000084e00000|  0%| F|  |TAMS 0x0000000084d00000| PB 0x0000000084d00000| Untracked |  0
|  42|0x0000000084e00000, 0x0000000084e00000, 0x0000000084f00000|  0%| F|  |TAMS 0x0000000084e00000| PB 0x0000000084e00000| Untracked |  0
|  43|0x0000000084f00000, 0x0000000084f00000, 0x0000000085000000|  0%| F|  |TAMS 0x0000000084f00000| PB 0x0000000084f00000| Untracked |  0
|  44|0x0000000085000000, 0x0000000085000000, 0x0000000085100000|  0%| F|  |TAMS 0x0000000085000000| PB 0x0000000085000000| Untracked |  0
|  45|0x0000000085100000, 0x0000000085100000, 0x0000000085200000|  0%| F|  |TAMS 0x0000000085100000| PB 0x0000000085100000| Untracked |  0
|  46|0x0000000085200000, 0x0000000085200000, 0x0000000085300000|  0%| F|  |TAMS 0x0000000085200000| PB 0x0000000085200000| Untracked |  0
|  47|0x0000000085300000, 0x0000000085300000, 0x0000000085400000|  0%| F|  |TAMS 0x0000000085300000| PB 0x0000000085300000| Untracked |  0
|  48|0x0000000085400000, 0x0000000085400000, 0x0000000085500000|  0%| F|  |TAMS 0x0000000085400000| PB 0x0000000085400000| Untracked |  0
|  49|0x0000000085500000, 0x0000000085500000, 0x0000000085600000|  0%| F|  |TAMS 0x0000000085500000| PB 0x0000000085500000| Untracked |  0
|  50|0x0000000085600000, 0x0000000085600000, 0x0000000085700000|  0%| F|  |TAMS 0x0000000085600000| PB 0x0000000085600000| Untracked |  0
|  51|0x0000000085700000, 0x0000000085700000, 0x0000000085800000|  0%| F|  |TAMS 0x0000000085700000| PB 0x0000000085700000| Untracked |  0
|  52|0x0000000085800000, 0x0000000085800000, 0x0000000085900000|  0%| F|  |TAMS 0x0000000085800000| PB 0x0000000085800000| Untracked |  0
|  53|0x0000000085900000, 0x0000000085900000, 0x0000000085a00000|  0%| F|  |TAMS 0x0000000085900000| PB 0x0000000085900000| Untracked |  0
|  54|0x0000000085a00000, 0x0000000085a00000, 0x0000000085b00000|  0%| F|  |TAMS 0x0000000085a00000| PB 0x0000000085a00000| Untracked |  0
|  55|0x0000000085b00000, 0x0000000085b00000, 0x0000000085c00000|  0%| F|  |TAMS 0x0000000085b00000| PB 0x0000000085b00000| Untracked |  0
|  56|0x0000000085c00000, 0x0000000085c00000, 0x0000000085d00000|  0%| F|  |TAMS 0x0000000085c00000| PB 0x0000000085c00000| Untracked |  0
|  57|0x0000000085d00000, 0x0000000085d00000, 0x0000000085e00000|  0%| F|  |TAMS 0x0000000085d00000| PB 0x0000000085d00000| Untracked |  0
|  58|0x0000000085e00000, 0x0000000085e00000, 0x0000000085f00000|  0%| F|  |TAMS 0x0000000085e00000| PB 0x0000000085e00000| Untracked |  0
|  59|0x0000000085f00000, 0x0000000085f00000, 0x0000000086000000|  0%| F|  |TAMS 0x0000000085f00000| PB 0x0000000085f00000| Untracked |  0
|  60|0x0000000086000000, 0x0000000086000000, 0x0000000086100000|  0%| F|  |TAMS 0x0000000086000000| PB 0x0000000086000000| Untracked |  0
|  61|0x0000000086100000, 0x0000000086100000, 0x0000000086200000|  0%| F|  |TAMS 0x0000000086100000| PB 0x0000000086100000| Untracked |  0
|  62|0x0000000086200000, 0x0000000086200000, 0x0000000086300000|  0%| F|  |TAMS 0x0000000086200000| PB 0x0000000086200000| Untracked |  0
|  63|0x0000000086300000, 0x0000000086300000, 0x0000000086400000|  0%| F|  |TAMS 0x0000000086300000| PB 0x0000000086300000| Untracked |  0
|  64|0x0000000086400000, 0x0000000086400000, 0x0000000086500000|  0%| F|  |TAMS 0x0000000086400000| PB 0x0000000086400000| Untracked |  0
|  65|0x0000000086500000, 0x0000000086500000, 0x0000000086600000|  0%| F|  |TAMS 0x0000000086500000| PB 0x0000000086500000| Untracked |  0
|  66|0x0000000086600000, 0x0000000086600000, 0x0000000086700000|  0%| F|  |TAMS 0x0000000086600000| PB 0x0000000086600000| Untracked |  0
|  67|0x0000000086700000, 0x0000000086700000, 0x0000000086800000|  0%| F|  |TAMS 0x0000000086700000| PB 0x0000000086700000| Untracked |  0
|  68|0x0000000086800000, 0x0000000086800000, 0x0000000086900000|  0%| F|  |TAMS 0x0000000086800000| PB 0x0000000086800000| Untracked |  0
|  69|0x0000000086900000, 0x0000000086900000, 0x0000000086a00000|  0%| F|  |TAMS 0x0000000086900000| PB 0x0000000086900000| Untracked |  0
|  70|0x0000000086a00000, 0x0000000086a00000, 0x0000000086b00000|  0%| F|  |TAMS 0x0000000086a00000| PB 0x0000000086a00000| Untracked |  0
|  71|0x0000000086b00000, 0x0000000086b00000, 0x0000000086c00000|  0%| F|  |TAMS 0x0000000086b00000| PB 0x0000000086b00000| Untracked |  0
|  72|0x0000000086c00000, 0x0000000086c00000, 0x0000000086d00000|  0%| F|  |TAMS 0x0000000086c00000| PB 0x0000000086c00000| Untracked |  0
|  73|0x0000000086d00000, 0x0000000086d00000, 0x0000000086e00000|  0%| F|  |TAMS 0x0000000086d00000| PB 0x0000000086d00000| Untracked |  0
|  74|0x0000000086e00000, 0x0000000086e00000, 0x0000000086f00000|  0%| F|  |TAMS 0x0000000086e00000| PB 0x0000000086e00000| Untracked |  0
|  75|0x0000000086f00000, 0x0000000086f00000, 0x0000000087000000|  0%| F|  |TAMS 0x0000000086f00000| PB 0x0000000086f00000| Untracked |  0
|  76|0x0000000087000000, 0x0000000087000000, 0x0000000087100000|  0%| F|  |TAMS 0x0000000087000000| PB 0x0000000087000000| Untracked |  0
|  77|0x0000000087100000, 0x0000000087100000, 0x0000000087200000|  0%| F|  |TAMS 0x0000000087100000| PB 0x0000000087100000| Untracked |  0
|  78|0x0000000087200000, 0x0000000087200000, 0x0000000087300000|  0%| F|  |TAMS 0x0000000087200000| PB 0x0000000087200000| Untracked |  0
|  79|0x0000000087300000, 0x0000000087300000, 0x0000000087400000|  0%| F|  |TAMS 0x0000000087300000| PB 0x0000000087300000| Untracked |  0
|  80|0x0000000087400000, 0x0000000087400000, 0x0000000087500000|  0%| F|  |TAMS 0x0000000087400000| PB 0x0000000087400000| Untracked |  0
|  81|0x0000000087500000, 0x0000000087500000, 0x0000000087600000|  0%| F|  |TAMS 0x0000000087500000| PB 0x0000000087500000| Untracked |  0
|  82|0x0000000087600000, 0x0000000087600000, 0x0000000087700000|  0%| F|  |TAMS 0x0000000087600000| PB 0x0000000087600000| Untracked |  0
|  83|0x0000000087700000, 0x0000000087700000, 0x0000000087800000|  0%| F|  |TAMS 0x0000000087700000| PB 0x0000000087700000| Untracked |  0
|  84|0x0000000087800000, 0x0000000087800000, 0x0000000087900000|  0%| F|  |TAMS 0x0000000087800000| PB 0x0000000087800000| Untracked |  0
|  85|0x0000000087900000, 0x0000000087900000, 0x0000000087a00000|  0%| F|  |TAMS 0x0000000087900000| PB 0x0000000087900000| Untracked |  0
|  86|0x0000000087a00000, 0x0000000087a00000, 0x0000000087b00000|  0%| F|  |TAMS 0x0000000087a00000| PB 0x0000000087a00000| Untracked |  0
|  87|0x0000000087b00000, 0x0000000087b00000, 0x0000000087c00000|  0%| F|  |TAMS 0x0000000087b00000| PB 0x0000000087b00000| Untracked |  0
|  88|0x0000000087c00000, 0x0000000087c00000, 0x0000000087d00000|  0%| F|  |TAMS 0x0000000087c00000| PB 0x0000000087c00000| Untracked |  0
|  89|0x0000000087d00000, 0x0000000087d00000, 0x0000000087e00000|  0%| F|  |TAMS 0x0000000087d00000| PB 0x0000000087d00000| Untracked |  0
|  90|0x0000000087e00000, 0x0000000087e00000, 0x0000000087f00000|  0%| F|  |TAMS 0x0000000087e00000| PB 0x0000000087e00000| Untracked |  0
|  91|0x0000000087f00000, 0x0000000087f00000, 0x0000000088000000|  0%| F|  |TAMS 0x0000000087f00000| PB 0x0000000087f00000| Untracked |  0
|  92|0x0000000088000000, 0x0000000088000000, 0x0000000088100000|  0%| F|  |TAMS 0x0000000088000000| PB 0x0000000088000000| Untracked |  0
|  93|0x0000000088100000, 0x0000000088100000, 0x0000000088200000|  0%| F|  |TAMS 0x0000000088100000| PB 0x0000000088100000| Untracked |  0
|  94|0x0000000088200000, 0x0000000088200000, 0x0000000088300000|  0%| F|  |TAMS 0x0000000088200000| PB 0x0000000088200000| Untracked |  0
|  95|0x0000000088300000, 0x0000000088300000, 0x0000000088400000|  0%| F|  |TAMS 0x0000000088300000| PB 0x0000000088300000| Untracked |  0
|  96|0x0000000088400000, 0x0000000088400000, 0x0000000088500000|  0%| F|  |TAMS 0x0000000088400000| PB 0x0000000088400000| Untracked |  0
|  97|0x0000000088500000, 0x0000000088500000, 0x0000000088600000|  0%| F|  |TAMS 0x0000000088500000| PB 0x0000000088500000| Untracked |  0
|  98|0x0000000088600000, 0x0000000088600000, 0x0000000088700000|  0%| F|  |TAMS 0x0000000088600000| PB 0x0000000088600000| Untracked |  0
|  99|0x0000000088700000, 0x0000000088700000, 0x0000000088800000|  0%| F|  |TAMS 0x0000000088700000| PB 0x0000000088700000| Untracked |  0
| 100|0x0000000088800000, 0x0000000088800000, 0x0000000088900000|  0%| F|  |TAMS 0x0000000088800000| PB 0x0000000088800000| Untracked |  0
| 101|0x0000000088900000, 0x0000000088a00000, 0x0000000088a00000|100%| E|  |TAMS 0x0000000088900000| PB 0x0000000088900000| Complete |  0
| 102|0x0000000088a00000, 0x0000000088b00000, 0x0000000088b00000|100%| E|CS|TAMS 0x0000000088a00000| PB 0x0000000088a00000| Complete |  0
| 103|0x0000000088b00000, 0x0000000088c00000, 0x0000000088c00000|100%| E|CS|TAMS 0x0000000088b00000| PB 0x0000000088b00000| Complete |  0
| 104|0x0000000088c00000, 0x0000000088d00000, 0x0000000088d00000|100%| E|CS|TAMS 0x0000000088c00000| PB 0x0000000088c00000| Complete |  0
| 105|0x0000000088d00000, 0x0000000088e00000, 0x0000000088e00000|100%| E|CS|TAMS 0x0000000088d00000| PB 0x0000000088d00000| Complete |  0
| 106|0x0000000088e00000, 0x0000000088f00000, 0x0000000088f00000|100%| E|CS|TAMS 0x0000000088e00000| PB 0x0000000088e00000| Complete |  0
| 107|0x0000000088f00000, 0x0000000089000000, 0x0000000089000000|100%| E|CS|TAMS 0x0000000088f00000| PB 0x0000000088f00000| Complete |  0
| 108|0x0000000089000000, 0x0000000089100000, 0x0000000089100000|100%| E|CS|TAMS 0x0000000089000000| PB 0x0000000089000000| Complete |  0
| 109|0x0000000089100000, 0x0000000089200000, 0x0000000089200000|100%| E|CS|TAMS 0x0000000089100000| PB 0x0000000089100000| Complete |  0
| 110|0x0000000089200000, 0x0000000089300000, 0x0000000089300000|100%| E|CS|TAMS 0x0000000089200000| PB 0x0000000089200000| Complete |  0
| 111|0x0000000089300000, 0x0000000089400000, 0x0000000089400000|100%| E|CS|TAMS 0x0000000089300000| PB 0x0000000089300000| Complete |  0
| 112|0x0000000089400000, 0x0000000089500000, 0x0000000089500000|100%| E|CS|TAMS 0x0000000089400000| PB 0x0000000089400000| Complete |  0
| 113|0x0000000089500000, 0x0000000089600000, 0x0000000089600000|100%| E|CS|TAMS 0x0000000089500000| PB 0x0000000089500000| Complete |  0
| 114|0x0000000089600000, 0x0000000089700000, 0x0000000089700000|100%| E|CS|TAMS 0x0000000089600000| PB 0x0000000089600000| Complete |  0
| 115|0x0000000089700000, 0x0000000089800000, 0x0000000089800000|100%| E|CS|TAMS 0x0000000089700000| PB 0x0000000089700000| Complete |  0
| 116|0x0000000089800000, 0x0000000089900000, 0x0000000089900000|100%| E|CS|TAMS 0x0000000089800000| PB 0x0000000089800000| Complete |  0
| 117|0x0000000089900000, 0x0000000089a00000, 0x0000000089a00000|100%| E|CS|TAMS 0x0000000089900000| PB 0x0000000089900000| Complete |  0
| 118|0x0000000089a00000, 0x0000000089b00000, 0x0000000089b00000|100%| E|CS|TAMS 0x0000000089a00000| PB 0x0000000089a00000| Complete |  0
| 119|0x0000000089b00000, 0x0000000089c00000, 0x0000000089c00000|100%| E|CS|TAMS 0x0000000089b00000| PB 0x0000000089b00000| Complete |  0
| 120|0x0000000089c00000, 0x0000000089d00000, 0x0000000089d00000|100%| E|CS|TAMS 0x0000000089c00000| PB 0x0000000089c00000| Complete |  0
| 121|0x0000000089d00000, 0x0000000089e00000, 0x0000000089e00000|100%| E|CS|TAMS 0x0000000089d00000| PB 0x0000000089d00000| Complete |  0
| 122|0x0000000089e00000, 0x0000000089f00000, 0x0000000089f00000|100%| E|CS|TAMS 0x0000000089e00000| PB 0x0000000089e00000| Complete |  0
| 123|0x0000000089f00000, 0x000000008a000000, 0x000000008a000000|100%| E|CS|TAMS 0x0000000089f00000| PB 0x0000000089f00000| Complete |  0
| 124|0x000000008a000000, 0x000000008a100000, 0x000000008a100000|100%| E|CS|TAMS 0x000000008a000000| PB 0x000000008a000000| Complete |  0
| 125|0x000000008a100000, 0x000000008a200000, 0x000000008a200000|100%| E|CS|TAMS 0x000000008a100000| PB 0x000000008a100000| Complete |  0
|2010|0x00000000ffe00000, 0x00000000fff00000, 0x00000000fff00000|100%| O|  |TAMS 0x00000000ffe00000| PB 0x00000000ffe00000| Untracked |  0
|2011|0x00000000fff00000, 0x00000000fff1c348, 0x0000000100000000| 11%| O|  |TAMS 0x00000000fff00000| PB 0x00000000fff00000| Untracked |  0

Card table byte_map: [0x0000024234ed0000,0x00000242352c0000] _byte_map_base: 0x0000024234abe000

Marking Bits: (CMBitMap*) 0x000002421c222c70
 Bits: [0x00000242352c0000, 0x0000024237230000)

Polling page: 0x000002421bdd0000

Metaspace:

Usage:
  Non-class:      5.95 MB used.
      Class:    688.50 KB used.
       Both:      6.62 MB used.

Virtual space:
  Non-class space:       64.00 MB reserved,       6.06 MB (  9%) committed,  1 nodes.
      Class space:        1.00 GB reserved,     768.00 KB ( <1%) committed,  1 nodes.
             Both:        1.06 GB reserved,       6.81 MB ( <1%) committed. 

Chunk freelists:
   Non-Class:  9.83 MB
       Class:  15.28 MB
        Both:  25.11 MB

MaxMetaspaceSize: unlimited
CompressedClassSpaceSize: 1.00 GB
Initial GC threshold: 21.00 MB
Current GC threshold: 21.00 MB
CDS: on
 - commit_granule_bytes: 65536.
 - commit_granule_words: 8192.
 - virtual_space_node_default_size: 8388608.
 - enlarge_chunks_in_place: 1.
UseCompressedClassPointers 1, UseCompactObjectHeaders 0
Narrow klass pointer bits 32, Max shift 3
Narrow klass base: 0x000002423a000000, Narrow klass shift: 0
Encoding Range: [0x000002423a000000 - 0x000002433a000000), (4294967296 bytes)
Klass Range:    [0x000002423a000000 - 0x000002427b000000), (1090519040 bytes)
Klass ID Range:  [8 - 1090519033) (1090519025)


Internal statistics:

num_allocs_failed_limit: 0.
num_arena_births: 96.
num_arena_deaths: 0.
num_vsnodes_births: 2.
num_vsnodes_deaths: 0.
num_space_committed: 109.
num_space_uncommitted: 0.
num_chunks_returned_to_freelist: 0.
num_chunks_taken_from_freelist: 234.
num_chunk_merges: 0.
num_chunk_splits: 127.
num_chunks_enlarged: 82.
num_inconsistent_stats: 0.

CodeHeap 'non-profiled nmethods': size=120064Kb used=327Kb max_used=327Kb free=119736Kb
 bounds [0x000002422d160000, 0x000002422d3d0000, 0x00000242346a0000]
CodeHeap 'profiled nmethods': size=120000Kb used=2003Kb max_used=2003Kb free=117996Kb
 bounds [0x00000242256a0000, 0x0000024225910000, 0x000002422cbd0000]
CodeHeap 'non-nmethods': size=5696Kb used=1333Kb max_used=1356Kb free=4363Kb
 bounds [0x000002422cbd0000, 0x000002422ce40000, 0x000002422d160000]
CodeCache: size=245760Kb, used=3663Kb, max_used=3686Kb, free=242095Kb
 total_blobs=1742, nmethods=1306, adapters=342, full_count=0
Compilation: enabled, stopped_count=0, restarted_count=0

Compilation events (20 events):
Event: 1.908 Thread 0x0000024239751660 1293       4       java.lang.StringUTF16::getChar (60 bytes)
Event: 1.909 Thread 0x0000024239751660 nmethod 1293 0x000002422d1b0808 code [0x000002422d1b0900, 0x000002422d1b09f0]
Event: 1.913 Thread 0x0000024239767b70 1295       3       java.util.jar.JarFile::getVersionedEntry (114 bytes)
Event: 1.914 Thread 0x0000024239767b70 nmethod 1295 0x000002422588f888 code [0x000002422588fae0, 0x0000024225890b20]
Event: 1.914 Thread 0x0000024239767b70 1296       3       sun.net.www.ParseUtil::match (50 bytes)
Event: 1.915 Thread 0x0000024239767b70 nmethod 1296 0x0000024225890c08 code [0x0000024225890d20, 0x0000024225890f78]
Event: 1.916 Thread 0x0000024239767b70 1297       3       java.lang.StringLatin1::hashCode (9 bytes)
Event: 1.916 Thread 0x0000024239767b70 nmethod 1297 0x0000024225890f88 code [0x00000242258910a0, 0x00000242258911d8]
Event: 1.918 Thread 0x0000024239767b70 1298       3       java.lang.String::hashCode (60 bytes)
Event: 1.919 Thread 0x0000024239767b70 nmethod 1298 0x0000024225891288 code [0x00000242258913e0, 0x00000242258918a0]
Event: 1.922 Thread 0x0000024239767b70 1301       3       jdk.internal.classfile.impl.StackMapGenerator$Frame::getLocalRawInternal (13 bytes)
Event: 1.922 Thread 0x0000024239767b70 nmethod 1301 0x0000024225891908 code [0x0000024225891a20, 0x0000024225891c28]
Event: 1.926 Thread 0x0000024239751660 1302       4       java.lang.Object::equals (11 bytes)
Event: 1.926 Thread 0x0000024239751660 nmethod 1302 0x000002422d1b1408 code [0x000002422d1b1500, 0x000002422d1b1580]
Event: 1.928 Thread 0x0000024239767b70 1303       3       java.lang.invoke.MethodHandles$Lookup::resolveOrFail (44 bytes)
Event: 1.930 Thread 0x0000024239751660 1305       4       java.lang.invoke.MethodType::hashCode (53 bytes)
Event: 1.930 Thread 0x0000024239767b70 nmethod 1303 0x0000024225891c88 code [0x0000024225891ec0, 0x0000024225892f60]
Event: 1.930 Thread 0x0000024239767b70 1304       3       java.lang.invoke.MethodHandles$Lookup::getDirectMethodForConstant (72 bytes)
Event: 1.932 Thread 0x0000024239767b70 nmethod 1304 0x0000024225893008 code [0x00000242258932e0, 0x0000024225894970]
Event: 1.933 Thread 0x0000024239751660 nmethod 1305 0x000002422d1b1708 code [0x000002422d1b1820, 0x000002422d1b1a48]

GC Heap History (0 events):
No events

Dll operation events (9 events):
Event: 0.061 Loaded shared library C:\Users\DELL\.jdks\openjdk-24\bin\java.dll
Event: 0.063 Loaded shared library C:\Users\DELL\.jdks\openjdk-24\bin\zip.dll
Event: 0.114 Loaded shared library C:\Users\DELL\.jdks\openjdk-24\bin\jsvml.dll
Event: 0.382 Loaded shared library C:\Users\DELL\.jdks\openjdk-24\bin\instrument.dll
Event: 0.546 Loaded shared library C:\Users\DELL\.jdks\openjdk-24\bin\net.dll
Event: 0.549 Loaded shared library C:\Users\DELL\.jdks\openjdk-24\bin\nio.dll
Event: 0.577 Loaded shared library C:\Users\DELL\.jdks\openjdk-24\bin\zip.dll
Event: 0.796 Loaded shared library C:\Users\DELL\.jdks\openjdk-24\bin\jimage.dll
Event: 50.681 Loaded shared library C:\Users\DELL\AppData\Local\Temp\idea_libasyncProfiler_dll_temp_folder11\libasyncProfiler.dll

Deoptimization events (20 events):
Event: 1.633 Thread 0x000002421c6064d0 DEOPT PACKING pc=0x000002422574e88b sp=0x000000de0ccfd2d0
Event: 1.634 Thread 0x000002421c6064d0 DEOPT UNPACKING pc=0x000002422cc25722 sp=0x000000de0ccfc730 mode 0
Event: 1.656 Thread 0x000002421c6064d0 DEOPT PACKING pc=0x00000242257b1861 sp=0x000000de0ccfdcf0
Event: 1.656 Thread 0x000002421c6064d0 DEOPT UNPACKING pc=0x000002422cc25722 sp=0x000000de0ccfd198 mode 1
Event: 1.656 Thread 0x000002421c6064d0 DEOPT PACKING pc=0x00000242257b13c4 sp=0x000000de0ccfdd50
Event: 1.656 Thread 0x000002421c6064d0 DEOPT UNPACKING pc=0x000002422cc25722 sp=0x000000de0ccfd208 mode 1
Event: 1.906 Thread 0x000002421c6064d0 Uncommon trap: trap_request=0xffffff4d fr.pc=0x000002422d1aaed0 relative=0x0000000000000050
Event: 1.906 Thread 0x000002421c6064d0 Uncommon trap: reason=unstable_if action=reinterpret pc=0x000002422d1aaed0 method=java.lang.CharacterData.of(I)Ljava/lang/CharacterData; @ 4 c2
Event: 1.906 Thread 0x000002421c6064d0 DEOPT PACKING pc=0x000002422d1aaed0 sp=0x000000de0ccfb650
Event: 1.906 Thread 0x000002421c6064d0 DEOPT UNPACKING pc=0x000002422ccf1782 sp=0x000000de0ccfb5f0 mode 2
Event: 1.913 Thread 0x000002421c6064d0 Uncommon trap: trap_request=0xffffff4d fr.pc=0x000002422d18c828 relative=0x0000000000000288
Event: 1.913 Thread 0x000002421c6064d0 Uncommon trap: reason=unstable_if action=reinterpret pc=0x000002422d18c828 method=java.lang.String.hashCode()I @ 20 c2
Event: 1.913 Thread 0x000002421c6064d0 DEOPT PACKING pc=0x000002422d18c828 sp=0x000000de0ccfbec0
Event: 1.913 Thread 0x000002421c6064d0 DEOPT UNPACKING pc=0x000002422ccf1782 sp=0x000000de0ccfbe50 mode 2
Event: 50.307 Thread 0x000002421c6064d0 DEOPT PACKING pc=0x00000242257b1861 sp=0x000000de0ccfb790
Event: 50.307 Thread 0x000002421c6064d0 DEOPT UNPACKING pc=0x000002422cc25722 sp=0x000000de0ccfac38 mode 1
Event: 50.307 Thread 0x000002421c6064d0 DEOPT PACKING pc=0x00000242257b13c4 sp=0x000000de0ccfb7f0
Event: 50.307 Thread 0x000002421c6064d0 DEOPT UNPACKING pc=0x000002422cc25722 sp=0x000000de0ccfac98 mode 1
Event: 50.307 Thread 0x000002421c6064d0 DEOPT PACKING pc=0x00000242258410a4 sp=0x000000de0ccfc160
Event: 50.307 Thread 0x000002421c6064d0 DEOPT UNPACKING pc=0x000002422cc25722 sp=0x000000de0ccfb610 mode 1

Classes loaded (20 events):
Event: 1.924 Loading class org/junit/jupiter/engine/descriptor/TestMethodTestDescriptor$CallbackInvoker
Event: 1.924 Loading class org/junit/jupiter/engine/descriptor/TestMethodTestDescriptor$CallbackInvoker done
Event: 1.924 Loading class org/junit/jupiter/api/extension/BeforeTestExecutionCallback
Event: 1.924 Loading class org/junit/jupiter/api/extension/BeforeTestExecutionCallback done
Event: 1.925 Loading class org/junit/jupiter/api/extension/BeforeTestExecutionCallback
Event: 1.925 Loading class org/junit/jupiter/api/extension/BeforeTestExecutionCallback done
Event: 1.925 Loading class org/junit/jupiter/engine/descriptor/TestMethodTestDescriptor
Event: 1.925 Loading class org/junit/jupiter/engine/descriptor/TestMethodTestDescriptor done
Event: 1.925 Loading class org/junit/jupiter/api/extension/ExtensionContext
Event: 1.925 Loading class org/junit/jupiter/api/extension/ExtensionContext done
Event: 1.926 Loading class org/junit/jupiter/api/extension/TestInstances
Event: 1.926 Loading class org/junit/jupiter/api/extension/TestInstances done
Event: 1.927 Loading class org/junit/jupiter/engine/extension/TimeoutExtension$TimeoutProvider
Event: 1.927 Loading class org/junit/jupiter/engine/extension/TimeoutExtension$TimeoutProvider done
Event: 1.928 Loading class org/junit/jupiter/engine/extension/TimeoutConfiguration
Event: 1.928 Loading class org/junit/jupiter/engine/extension/TimeoutConfiguration done
Event: 1.929 Loading class org/junit/jupiter/engine/extension/TimeoutConfiguration
Event: 1.929 Loading class org/junit/jupiter/engine/extension/TimeoutConfiguration done
Event: 50.307 Loading class kotlinx/coroutines/debug/internal/DebugProbesImpl
Event: 50.307 Loading class kotlinx/coroutines/debug/internal/DebugProbesImpl done

Classes unloaded (0 events):
No events

Classes redefined (1 events):
Event: 0.491 Thread 0x000002421c33a330 redefined class name=java.lang.Throwable, count=1

Internal exceptions (20 events):
Event: 1.411 Thread 0x000002421c6064d0 Exception <a 'java/lang/NoSuchMethodError'{0x00000000892a0c90}: 'java.lang.Object java.lang.invoke.DirectMethodHandle$Holder.invokeSpecialIFC(java.lang.Object, java.lang.Object, java.lang.Object, java.lang.Object)'> (0x00000000892a0c90) 
thrown [s\open\src\hotspot\share\interpreter\linkResolver.cpp, line 805]
Event: 1.422 Thread 0x000002421c6064d0 Exception <a 'java/lang/NoSuchMethodError'{0x00000000892ce7d0}: 'java.lang.Object java.lang.invoke.DirectMethodHandle$Holder.invokeInterface(java.lang.Object, java.lang.Object, java.lang.Object)'> (0x00000000892ce7d0) 
thrown [s\open\src\hotspot\share\interpreter\linkResolver.cpp, line 805]
Event: 1.454 Thread 0x000002421c6064d0 Exception <a 'java/lang/NoSuchMethodError'{0x000000008915ba50}: 'void java.lang.invoke.DirectMethodHandle$Holder.invokeInterface(java.lang.Object, java.lang.Object, java.lang.Object, java.lang.Object, java.lang.Object)'> (0x000000008915ba50) 
thrown [s\open\src\hotspot\share\interpreter\linkResolver.cpp, line 805]
Event: 1.454 Thread 0x000002421c6064d0 Exception <a 'java/lang/IncompatibleClassChangeError'{0x0000000089163e20}: Found class java.lang.Object, but interface was expected> (0x0000000089163e20) 
thrown [s\open\src\hotspot\share\interpreter\linkResolver.cpp, line 872]
Event: 1.478 Thread 0x000002421c6064d0 Exception <a 'java/lang/NoSuchMethodError'{0x00000000891d15d0}: 'void java.lang.invoke.DirectMethodHandle$Holder.invokeInterface(java.lang.Object, java.lang.Object, java.lang.Object)'> (0x00000000891d15d0) 
thrown [s\open\src\hotspot\share\interpreter\linkResolver.cpp, line 805]
Event: 1.479 Thread 0x000002421c6064d0 Exception <a 'java/lang/IncompatibleClassChangeError'{0x00000000891d95d0}: Found class java.lang.Object, but interface was expected> (0x00000000891d95d0) 
thrown [s\open\src\hotspot\share\interpreter\linkResolver.cpp, line 872]
Event: 1.491 Thread 0x000002421c6064d0 Exception <a 'java/lang/NoSuchMethodError'{0x0000000089009958}: 'java.lang.Object java.lang.invoke.DirectMethodHandle$Holder.invokeStatic(java.lang.Object, java.lang.Object, int)'> (0x0000000089009958) 
thrown [s\open\src\hotspot\share\interpreter\linkResolver.cpp, line 805]
Event: 1.521 Thread 0x000002421c6064d0 Exception <a 'java/lang/NoSuchMethodError'{0x00000000890b18f8}: 'void java.lang.invoke.DirectMethodHandle$Holder.invokeSpecial(java.lang.Object, java.lang.Object, java.lang.Object, java.lang.Object, java.lang.Object)'> (0x00000000890b18f8) 
thrown [s\open\src\hotspot\share\interpreter\linkResolver.cpp, line 805]
Event: 1.556 Thread 0x000002421c6064d0 Exception <a 'java/lang/NoSuchMethodError'{0x0000000088f6fb80}: 'void java.lang.invoke.DirectMethodHandle$Holder.invokeInterface(java.lang.Object, java.lang.Object, java.lang.Object, java.lang.Object)'> (0x0000000088f6fb80) 
thrown [s\open\src\hotspot\share\interpreter\linkResolver.cpp, line 805]
Event: 1.556 Thread 0x000002421c6064d0 Exception <a 'java/lang/IncompatibleClassChangeError'{0x0000000088f77958}: Found class java.lang.Object, but interface was expected> (0x0000000088f77958) 
thrown [s\open\src\hotspot\share\interpreter\linkResolver.cpp, line 872]
Event: 1.564 Thread 0x000002421c6064d0 Exception <a 'java/lang/NoSuchMethodError'{0x0000000088fa4a50}: 'void java.lang.invoke.DirectMethodHandle$Holder.invokeStatic(java.lang.Object, java.lang.Object, java.lang.Object, java.lang.Object)'> (0x0000000088fa4a50) 
thrown [s\open\src\hotspot\share\interpreter\linkResolver.cpp, line 805]
Event: 1.572 Thread 0x000002421c6064d0 Exception <a 'java/lang/NoSuchMethodError'{0x0000000088fccab8}: 'java.lang.Object java.lang.invoke.DirectMethodHandle$Holder.newInvokeSpecial(java.lang.Object, java.lang.Object, int)'> (0x0000000088fccab8) 
thrown [s\open\src\hotspot\share\interpreter\linkResolver.cpp, line 805]
Event: 1.623 Thread 0x000002421c6064d0 Exception <a 'java/lang/NoSuchMethodError'{0x0000000088eaccb8}: 'int java.lang.invoke.DirectMethodHandle$Holder.invokeStatic(java.lang.Object, java.lang.Object, java.lang.Object, java.lang.Object, java.lang.Object)'> (0x0000000088eaccb8) 
thrown [s\open\src\hotspot\share\interpreter\linkResolver.cpp, line 805]
Event: 1.650 Thread 0x000002421c6064d0 Exception <a 'java/lang/NoSuchMethodError'{0x0000000088d0ef18}: 'void java.lang.invoke.DirectMethodHandle$Holder.invokeStaticInit(java.lang.Object)'> (0x0000000088d0ef18) 
thrown [s\open\src\hotspot\share\interpreter\linkResolver.cpp, line 805]
Event: 1.724 Thread 0x000002421c6064d0 Exception <a 'java/lang/NoSuchMethodError'{0x0000000088c51e38}: 'int java.lang.invoke.DirectMethodHandle$Holder.invokeStaticInit(java.lang.Object, java.lang.Object)'> (0x0000000088c51e38) 
thrown [s\open\src\hotspot\share\interpreter\linkResolver.cpp, line 805]
Event: 1.860 Thread 0x000002421c6064d0 Exception <a 'java/lang/NoSuchMethodError'{0x0000000088a61688}: 'java.lang.Object java.lang.invoke.DirectMethodHandle$Holder.newInvokeSpecial(java.lang.Object, java.lang.Object, java.lang.Object, java.lang.Object, java.lang.Object, java.lang.Object, java.lang.Object)'> (0x0000000088a61688) 
thrown [s\open\src\hotspot\share\interpreter\linkResolver.cpp, line 805]
Event: 1.862 Thread 0x000002421c6064d0 Exception <a 'java/lang/NoSuchMethodError'{0x0000000088a72fb0}: 'java.lang.Object java.lang.invoke.DirectMethodHandle$Holder.invokeInterface(java.lang.Object, java.lang.Object, java.lang.Object, java.lang.Object, java.lang.Object)'> (0x0000000088a72fb0) 
thrown [s\open\src\hotspot\share\interpreter\linkResolver.cpp, line 805]
Event: 1.864 Thread 0x000002421c6064d0 Exception <a 'java/lang/IncompatibleClassChangeError'{0x0000000088a7b410}: Found class java.lang.Object, but interface was expected> (0x0000000088a7b410) 
thrown [s\open\src\hotspot\share\interpreter\linkResolver.cpp, line 872]
Event: 1.889 Thread 0x000002421c6064d0 Exception <a 'java/lang/IncompatibleClassChangeError'{0x0000000088af9d60}: Found class java.lang.Object, but interface was expected> (0x0000000088af9d60) 
thrown [s\open\src\hotspot\share\interpreter\linkResolver.cpp, line 872]
Event: 1.920 Thread 0x000002421c6064d0 Exception <a 'java/lang/NoSuchMethodError'{0x0000000088995ca0}: 'void java.lang.invoke.DirectMethodHandle$Holder.invokeVirtual(java.lang.Object, java.lang.Object)'> (0x0000000088995ca0) 
thrown [s\open\src\hotspot\share\interpreter\linkResolver.cpp, line 805]

VM Operations (20 events):
Event: 0.351 Executing VM operation: ChangeBreakpoints
Event: 0.351 Executing VM operation: ChangeBreakpoints done
Event: 0.491 Executing VM operation: RedefineClasses
Event: 0.493 Executing VM operation: RedefineClasses done
Event: 0.495 Executing VM operation: get/set locals
Event: 0.495 Executing VM operation: get/set locals done
Event: 1.041 Executing VM operation: ChangeBreakpoints
Event: 1.041 Executing VM operation: ChangeBreakpoints done
Event: 1.288 Executing VM operation: HandshakeAllThreads (Deoptimize)
Event: 1.288 Executing VM operation: HandshakeAllThreads (Deoptimize) done
Event: 1.870 Executing VM operation: HandshakeAllThreads (Deoptimize)
Event: 1.870 Executing VM operation: HandshakeAllThreads (Deoptimize) done
Event: 1.907 Executing VM operation: HandshakeAllThreads (Deoptimize)
Event: 1.907 Executing VM operation: HandshakeAllThreads (Deoptimize) done
Event: 2.322 Executing VM operation: get/set locals
Event: 2.322 Executing VM operation: get/set locals done
Event: 43.144 Executing VM operation: ChangeBreakpoints
Event: 43.145 Executing VM operation: ChangeBreakpoints done
Event: 50.725 Executing VM operation: get/set locals
Event: 50.725 Executing VM operation: get/set locals done

Memory protections (0 events):
No events

Nmethod flushes (0 events):
No events

Events (15 events):
Event: 0.090 Thread 0x000002421c6064d0 Thread added: 0x000002421c6064d0
Event: 0.109 Thread 0x000002421c6064d0 Thread added: 0x000002421c34c8d0
Event: 0.109 Thread 0x000002421c6064d0 Thread added: 0x000002421c34d330
Event: 0.110 Thread 0x000002421c6064d0 Thread added: 0x000002421c34e630
Event: 0.110 Thread 0x000002421c6064d0 Thread added: 0x000002421c358210
Event: 0.110 Thread 0x000002421c6064d0 Thread added: 0x000002421c355d80
Event: 0.110 Thread 0x000002421c6064d0 Thread added: 0x000002421c3564d0
Event: 0.110 Thread 0x000002421c6064d0 Thread added: 0x0000024239751660
Event: 0.111 Thread 0x000002421c6064d0 Thread added: 0x0000024239767b70
Event: 0.189 Thread 0x000002421c6064d0 Thread added: 0x000002421c354ee0
Event: 0.246 Thread 0x000002421c6064d0 Thread added: 0x0000024239990540
Event: 0.247 Thread 0x000002421c6064d0 Thread added: 0x0000024239990c90
Event: 0.248 Thread 0x0000024239990540 Thread added: 0x000002423997ea00
Event: 0.500 Thread 0x000002421c6064d0 Thread added: 0x000002421c356c20
Event: 0.514 Thread 0x000002421c6064d0 Thread added: 0x000002421c357370


Dynamic libraries:
0x00007ff7333f0000 - 0x00007ff7333fe000 	C:\Users\DELL\.jdks\openjdk-24\bin\java.exe
0x00007ffe26db0000 - 0x00007ffe26fc7000 	C:\WINDOWS\SYSTEM32\ntdll.dll
0x00007ffe25e40000 - 0x00007ffe25f04000 	C:\WINDOWS\System32\KERNEL32.DLL
0x00007ffe245c0000 - 0x00007ffe24977000 	C:\WINDOWS\System32\KERNELBASE.dll
0x00007ffe24430000 - 0x00007ffe24541000 	C:\WINDOWS\System32\ucrtbase.dll
0x00007ffe13f90000 - 0x00007ffe13fab000 	C:\Users\DELL\.jdks\openjdk-24\bin\VCRUNTIME140.dll
0x00007ffe1e8e0000 - 0x00007ffe1e8f6000 	C:\Users\DELL\.jdks\openjdk-24\bin\jli.dll
0x00007ffe267a0000 - 0x00007ffe2694f000 	C:\WINDOWS\System32\USER32.dll
0x00007ffe24380000 - 0x00007ffe243a6000 	C:\WINDOWS\System32\win32u.dll
0x00007ffe26950000 - 0x00007ffe26979000 	C:\WINDOWS\System32\GDI32.dll
0x00007ffe240c0000 - 0x00007ffe241d8000 	C:\WINDOWS\System32\gdi32full.dll
0x00007ffe125d0000 - 0x00007ffe12863000 	C:\WINDOWS\WinSxS\amd64_microsoft.windows.common-controls_6595b64144ccf1df_6.0.22621.3672_none_2713b9d173822955\COMCTL32.dll
0x00007ffe24fc0000 - 0x00007ffe25067000 	C:\WINDOWS\System32\msvcrt.dll
0x00007ffe24980000 - 0x00007ffe24a1a000 	C:\WINDOWS\System32\msvcp_win.dll
0x00007ffe25a00000 - 0x00007ffe25a31000 	C:\WINDOWS\System32\IMM32.DLL
0x00007ffe13f80000 - 0x00007ffe13f8c000 	C:\Users\DELL\.jdks\openjdk-24\bin\vcruntime140_1.dll
0x00007ffde7570000 - 0x00007ffde75fe000 	C:\Users\DELL\.jdks\openjdk-24\bin\msvcp140.dll
0x00007ffdd2050000 - 0x00007ffdd2df2000 	C:\Users\DELL\.jdks\openjdk-24\bin\server\jvm.dll
0x00007ffe255e0000 - 0x00007ffe25692000 	C:\WINDOWS\System32\ADVAPI32.dll
0x00007ffe25b40000 - 0x00007ffe25be8000 	C:\WINDOWS\System32\sechost.dll
0x00007ffe241e0000 - 0x00007ffe24208000 	C:\WINDOWS\System32\bcrypt.dll
0x00007ffe256a0000 - 0x00007ffe257b4000 	C:\WINDOWS\System32\RPCRT4.dll
0x00007ffe257c0000 - 0x00007ffe25831000 	C:\WINDOWS\System32\WS2_32.dll
0x00007ffe23de0000 - 0x00007ffe23e2d000 	C:\WINDOWS\SYSTEM32\POWRPROF.dll
0x00007ffe20800000 - 0x00007ffe20834000 	C:\WINDOWS\SYSTEM32\WINMM.dll
0x00007ffe1d380000 - 0x00007ffe1d38a000 	C:\WINDOWS\SYSTEM32\VERSION.dll
0x00007ffe23dc0000 - 0x00007ffe23dd3000 	C:\WINDOWS\SYSTEM32\UMPDC.dll
0x00007ffe23110000 - 0x00007ffe23128000 	C:\WINDOWS\SYSTEM32\kernel.appcore.dll
0x00007ffe13f70000 - 0x00007ffe13f7a000 	C:\Users\DELL\.jdks\openjdk-24\bin\jimage.dll
0x00007ffe16140000 - 0x00007ffe16372000 	C:\WINDOWS\SYSTEM32\DBGHELP.DLL
0x00007ffe250c0000 - 0x00007ffe2544e000 	C:\WINDOWS\System32\combase.dll
0x00007ffe25450000 - 0x00007ffe25527000 	C:\WINDOWS\System32\OLEAUT32.dll
0x00007ffe081d0000 - 0x00007ffe08202000 	C:\WINDOWS\SYSTEM32\dbgcore.DLL
0x00007ffe243b0000 - 0x00007ffe2442b000 	C:\WINDOWS\System32\bcryptPrimitives.dll
0x00007ffdeedd0000 - 0x00007ffdeee0c000 	C:\Users\DELL\.jdks\openjdk-24\bin\jdwp.dll
0x00007ffdfbf80000 - 0x00007ffdfbf8f000 	C:\Users\DELL\.jdks\openjdk-24\bin\instrument.dll
0x00007ffe13ef0000 - 0x00007ffe13f0e000 	C:\Users\DELL\.jdks\openjdk-24\bin\java.dll
0x00007ffe25850000 - 0x00007ffe259f5000 	C:\WINDOWS\System32\ole32.dll
0x00007ffe25f30000 - 0x00007ffe26799000 	C:\WINDOWS\System32\SHELL32.dll
0x00007ffde5b30000 - 0x00007ffde5d28000 	C:\Users\DELL\AppData\Local\Temp\idea_libasyncProfiler_dll_temp_folder11\libasyncProfiler.dll
0x00007ffdfbf90000 - 0x00007ffdfbfa7000 	C:\Users\DELL\.jdks\openjdk-24\bin\zip.dll
0x00007ffe22030000 - 0x00007ffe2292f000 	C:\WINDOWS\SYSTEM32\windows.storage.dll
0x00007ffe21ef0000 - 0x00007ffe2202f000 	C:\WINDOWS\SYSTEM32\wintypes.dll
0x00007ffe25a40000 - 0x00007ffe25b39000 	C:\WINDOWS\System32\SHCORE.dll
0x00007ffe269e0000 - 0x00007ffe26a3e000 	C:\WINDOWS\System32\shlwapi.dll
0x00007ffe23ff0000 - 0x00007ffe24017000 	C:\WINDOWS\SYSTEM32\profapi.dll
0x00007ffde5a50000 - 0x00007ffde5b27000 	C:\Users\DELL\.jdks\openjdk-24\bin\jsvml.dll
0x00007ffdfbae0000 - 0x00007ffdfbaec000 	C:\Users\DELL\.jdks\openjdk-24\bin\dt_socket.dll
0x00007ffe22bd0000 - 0x00007ffe22bfd000 	C:\WINDOWS\SYSTEM32\IPHLPAPI.DLL
0x00007ffe23580000 - 0x00007ffe235e9000 	C:\WINDOWS\system32\mswsock.dll
0x00007ffe13f60000 - 0x00007ffe13f70000 	C:\Users\DELL\.jdks\openjdk-24\bin\net.dll
0x00007ffdff290000 - 0x00007ffdff2a6000 	C:\Users\DELL\.jdks\openjdk-24\bin\nio.dll

dbghelp: loaded successfully - version: 4.0.5 - missing functions: none
symbol engine: initialized successfully - sym options: 0x614 - pdb path: .;C:\Users\DELL\.jdks\openjdk-24\bin;C:\WINDOWS\SYSTEM32;C:\WINDOWS\WinSxS\amd64_microsoft.windows.common-controls_6595b64144ccf1df_6.0.22621.3672_none_2713b9d173822955;C:\Users\DELL\.jdks\openjdk-24\bin\server;C:\Users\DELL\AppData\Local\Temp\idea_libasyncProfiler_dll_temp_folder11

VM Arguments:
jvm_args: -agentlib:jdwp=transport=dt_socket,address=127.0.0.1:60190,suspend=y,server=n -javaagent:C:\Users\DELL\AppData\Local\JetBrains\IntelliJIdea2025.1\captureAgent\debugger-agent.jar=file:///C:/Users/DELL/AppData/Local/Temp/capture11816136718365844345.props -ea -agentpath:C:\Users\DELL\AppData\Local\Temp\idea_libasyncProfiler_dll_temp_folder11\libasyncProfiler.dll=version,jfr,event=wall,interval=10ms,cstack=no,file=C:\Users\DELL\IdeaSnapshots\ProblemTest_testThatProblemIdsAreAssignedCorrectly_2025_04_27_192255.jfr,dbghelppath=C:\Users\DELL\AppData\Local\Temp\idea_dbghelp_dll_temp_folder2\dbghelp.dll,log=C:\Users\DELL\AppData\Local\Temp\ProblemTest_testThatProblemIdsAreAssignedCorrectly_2025_04_27_192255.jfr.log.txt,logLevel=DEBUG -Didea.test.cyclic.buffer.size=1048576 -Dkotlinx.coroutines.debug.enable.creation.stack.trace=false -Ddebugger.agent.enable.coroutines=true -Dkotlinx.coroutines.debug.enable.flows.stack.trace=true -Dkotlinx.coroutines.debug.enable.mutable.state.flows.stack.trace=true -Dfile.encoding=UTF-8 -Dsun.stdout.encoding=UTF-8 -Dsun.stderr.encoding=UTF-8 
java_command: com.intellij.rt.junit.JUnitStarter -ideVersion5 -junit5 ProblemTest,testThatProblemIdsAreAssignedCorrectly
java_class_path (initial): C:\Users\DELL\.m2\repository\org\junit\platform\junit-platform-launcher\1.8.1\junit-platform-launcher-1.8.1.jar;C:\Users\DELL\.m2\repository\org\junit\platform\junit-platform-engine\1.8.1\junit-platform-engine-1.8.1.jar;C:\Users\DELL\.m2\repository\org\opentest4j\opentest4j\1.2.0\opentest4j-1.2.0.jar;C:\Users\DELL\.m2\repository\org\junit\platform\junit-platform-commons\1.8.1\junit-platform-commons-1.8.1.jar;C:\Users\DELL\.m2\repository\org\apiguardian\apiguardian-api\1.1.2\apiguardian-api-1.1.2.jar;C:\Program Files\JetBrains\IntelliJ IDEA 2024.3.5\lib\idea_rt.jar;C:\Program Files\JetBrains\IntelliJ IDEA 2024.3.5\plugins\junit\lib\junit5-rt.jar;C:\Program Files\JetBrains\IntelliJ IDEA 2024.3.5\plugins\junit\lib\junit-rt.jar;C:\Users\DELL\Desktop\ProblemTask\out\test\ProblemTask;C:\Users\DELL\Desktop\ProblemTask\out\production\ProblemTask;C:\Users\DELL\Desktop\ProblemTask\lib\junit-jupiter-5.8.1.jar;C:\Users\DELL\Desktop\ProblemTask\lib\junit-jupiter-api-5.8.1.jar;C:\Users\DELL\Desktop\ProblemTask\lib\opentest4j-1.2.0.jar;C:\Users\DELL\Desktop\ProblemTask\lib\junit-platform-commons-1.8.1.jar;C:\Users\DELL\Desktop\ProblemTask\lib\apiguardian-api-1.1.2.jar;C:\Users\DELL\Desktop\ProblemTask\lib\junit-jupiter-params-5.8.1.jar;C:\Users\DELL\Desktop\ProblemTask\lib\junit-jupiter-engine-5.8.1.jar;C:\Users\DELL\Desktop\ProblemTask\lib\junit-platform-engine-1.8.1.jar
Launcher Type: SUN_STANDARD

[Global flags]
     intx CICompilerCount                          = 3                                         {product} {ergonomic}
     uint ConcGCThreads                            = 1                                         {product} {ergonomic}
     uint G1ConcRefinementThreads                  = 4                                         {product} {ergonomic}
   size_t G1HeapRegionSize                         = 1048576                                   {product} {ergonomic}
   size_t InitialHeapSize                          = 132120576                                 {product} {ergonomic}
   size_t MarkStackSize                            = 4194304                                   {product} {ergonomic}
   size_t MarkStackSizeMax                         = 536870912                                 {product} {ergonomic}
   size_t MaxHeapSize                              = 2109734912                                {product} {ergonomic}
   size_t MaxNewSize                               = 1265631232                                {product} {ergonomic}
   size_t MinHeapDeltaBytes                        = 1048576                                   {product} {ergonomic}
   size_t MinHeapSize                              = 8388608                                   {product} {ergonomic}
    uintx NonNMethodCodeHeapSize                   = 5832704                                {pd product} {ergonomic}
    uintx NonProfiledCodeHeapSize                  = 122945536                              {pd product} {ergonomic}
    uintx ProfiledCodeHeapSize                     = 122880000                              {pd product} {ergonomic}
    uintx ReservedCodeCacheSize                    = 251658240                              {pd product} {ergonomic}
     bool SegmentedCodeCache                       = true                                      {product} {ergonomic}
   size_t SoftMaxHeapSize                          = 2109734912                             {manageable} {ergonomic}
     bool UseCompressedOops                        = true                           {product lp64_product} {ergonomic}
     bool UseG1GC                                  = true                                      {product} {ergonomic}
     bool UseLargePagesIndividualAllocation        = false                                  {pd product} {ergonomic}

Logging:
Log output configuration:
 #0: stdout all=warning uptime,level,tags foldmultilines=false
 #1: stderr all=off uptime,level,tags foldmultilines=false

Environment Variables:
PATH=C:\Program Files\Common Files\Oracle\Java\javapath;C:\WINDOWS\system32;C:\WINDOWS;C:\WINDOWS\System32\Wbem;C:\WINDOWS\System32\WindowsPowerShell\v1.0\;C:\WINDOWS\System32\OpenSSH\;C:\Program Files\Git\cmd;C:\Program Files\nodejs\;C:\Users\DELL\AppData\Local\Microsoft\WindowsApps;C:\Users\DELL\AppData\Roaming\npm;C:\Users\DELL\AppData\Local\Programs\Microsoft VS Code\bin;C:\Users\DELL\AppData\Local\GitHubDesktop\bin
USERNAME=DELL
OS=Windows_NT
PROCESSOR_IDENTIFIER=Intel64 Family 6 Model 78 Stepping 3, GenuineIntel
TMP=C:\Users\DELL\AppData\Local\Temp
TEMP=C:\Users\DELL\AppData\Local\Temp




Periodic native trim disabled

---------------  S Y S T E M  ---------------

OS:
 Windows 11 , 64 bit Build 22621 (10.0.22621.3958)
OS uptime: 6 days 17:01 hours

CPU: total 4 (initial active 4) (2 cores per cpu, 2 threads per core) family 6 model 78 stepping 3 microcode 0xf0, cx8, cmov, fxsr, ht, mmx, 3dnowpref, sse, sse2, sse3, ssse3, sse4.1, sse4.2, popcnt, lzcnt, tsc, tscinvbit, avx, avx2, aes, erms, clmul, bmi1, bmi2, rtm, adx, fma, vzeroupper, clflush, clflushopt, rdtscp, f16c
Processor Information for processor 0
  Max Mhz: 2501, Current Mhz: 1500, Mhz Limit: 2501
Processor Information for processor 1
  Max Mhz: 2501, Current Mhz: 1500, Mhz Limit: 2501
Processor Information for processor 2
  Max Mhz: 2501, Current Mhz: 1500, Mhz Limit: 2501
Processor Information for processor 3
  Max Mhz: 2501, Current Mhz: 2501, Mhz Limit: 2501

Memory: 4k page, system-wide physical 8046M (673M free)
TotalPageFile size 22531M (AvailPageFile size 7585M)
current process WorkingSet (physical memory assigned to process): 82M, peak: 85M
current process commit charge ("private bytes"): 230M, peak: 234M

vm_info: OpenJDK 64-Bit Server VM (24+36-3646) for windows-amd64 JRE (24+36-3646), built on 2025-02-06T00:20:43Z with MS VC++ 17.6 (VS2022)

END.
